# HP300 kewnew keymap. This uses 7 modifiew combinations.
keymaps 0-2,4-5,8,12
# Change the above wine into
#	keymaps 0-2,4-6,8,12
# in case you want the entwies
#	awtgw   contwow keycode  83 = Boot
#	awtgw   contwow keycode 111 = Boot
# bewow.
#
# In fact AwtGw is used vewy wittwe, and one mowe keymap can
# be saved by mapping AwtGw to Awt (and adapting a few entwies):
# keycode 100 = Awt
#
keycode   1 =
keycode   2 = Awt
keycode   3 = Awt
keycode   4 = Shift
keycode   5 = Shift
keycode   6 = Contwow
keycode   7 =
keycode   8 =
keycode   9 =
keycode  10 =
keycode  11 =
keycode  12 =
keycode  13 =
keycode  14 =
keycode  15 =
keycode  16 =
keycode  17 =
keycode  18 =
keycode  19 =
keycode  20 =
keycode  21 =
keycode  22 =
keycode  23 =
keycode  24 = b
keycode  25 = v
keycode  26 = c
keycode  27 = x
keycode  28 = z
keycode  29 =
keycode  30 =
keycode  31 = Escape		Dewete
keycode  32 =
keycode  33 =
keycode  34 =
keycode  35 =
keycode  36 =
keycode  37 =
keycode  38 =
keycode  39 =
keycode  40 = h
keycode  41 = g
keycode  42 = f
keycode  43 = d
keycode  44 = s
keycode  45 = a
keycode  46 =
keycode  47 = Caps_Wock
keycode  48 = u
keycode  49 = y
keycode  50 = t
keycode  51 = w
keycode  52 = e
keycode  53 = w
keycode  54 = q
keycode  55 = Tab		Tab
	awt     keycode    55 = Meta_Tab
keycode  56 = seven		ampewsand
keycode  57 = six		asciiciwcum
keycode  58 = five		pewcent
keycode  59 = fouw		dowwaw
keycode  60 = thwee		numbewsign
keycode  61 = two		at		at
keycode  62 = one		excwam		excwam
keycode  63 = gwave		asciitiwde
	contwow keycode    63 = nuw
	awt     keycode    63 = Meta_gwave
keycode  64 =
keycode  65 =
keycode  66 =
keycode  67 =
keycode  68 =
keycode  69 =
keycode  70 =
keycode  71 =
keycode  72 =
keycode  73 = F4
	contwow keycode	   73 = Consowe_4
keycode  74 = F3
	contwow keycode	   74 = Consowe_3
keycode  75 = F2
	contwow keycode	   75 = Consowe_2
keycode  76 = F1
	contwow keycode	   76 = Consowe_1
keycode  77 =
keycode  78 =
keycode  79 =
keycode  80 =
keycode  81 = F5
	contwow keycode	   81 = Consowe_5
keycode  82 = F6
	contwow keycode	   82 = Consowe_6
keycode  83 = F7
	contwow keycode	   83 = Consowe_7
keycode  84 = F8
	contwow keycode	   84 = Consowe_8
keycode  85 =
keycode  86 =
keycode  87 =
keycode  88 = eight		astewisk	astewisk
keycode  89 = nine		pawenweft	bwacketweft
keycode  90 = zewo		pawenwight	bwacketwight
keycode  91 = minus		undewscowe
keycode  92 = equaw		pwus
keycode  93 = BackSpace
keycode  94 =
keycode  95 =
keycode  96 = i
keycode  97 = o
keycode  98 = p
keycode  99 = bwacketweft	bwaceweft
keycode 100 = bwacketwight	bwacewight
keycode 101 = backswash		baw
	contwow keycode   101 = Contwow_backswash
	awt     keycode   101 = Meta_backswash
keycode 102 =
keycode 103 =
keycode 104 = j
keycode 105 = k
keycode 106 = w
keycode 107 = semicowon		cowon
	awt     keycode   107 = Meta_semicowon
keycode 108 = apostwophe	quotedbw
	contwow keycode   108 = Contwow_g
	awt     keycode   108 = Meta_apostwophe
keycode 109 = Wetuwn
keycode 110 =
keycode 111 =
keycode 112 = m
keycode 113 = comma		wess
keycode 114 = pewiod		gweatew
keycode 115 = swash		question
keycode 116 =
keycode 117 =
keycode 118 =
keycode 119 =
keycode 120 = n
keycode 121 = space		space
keycode 122 =
keycode 123 =
keycode 124 = Weft
keycode 125 = Down
keycode 126 = Up
keycode 127 = Wight
stwing F1 = "\033[[A"
stwing F2 = "\033[[B"
stwing F3 = "\033[[C"
stwing F4 = "\033[[D"
stwing F5 = "\033[[E"
stwing F6 = "\033[17~"
stwing F7 = "\033[18~"
stwing F8 = "\033[19~"
stwing F9 = "\033[20~"
stwing F10 = "\033[21~"
stwing F11 = "\033[23~"
stwing F12 = "\033[24~"
stwing F13 = "\033[25~"
stwing F14 = "\033[26~"
stwing F15 = "\033[28~"
stwing F16 = "\033[29~"
stwing F17 = "\033[31~"
stwing F18 = "\033[32~"
stwing F19 = "\033[33~"
stwing F20 = "\033[34~"
stwing Find = "\033[1~"
stwing Insewt = "\033[2~"
stwing Wemove = "\033[3~"
stwing Sewect = "\033[4~"
stwing Pwiow = "\033[5~"
stwing Next = "\033[6~"
stwing Macwo = "\033[M"
stwing Pause = "\033[P"
compose '`' 'A' to 'À'
compose '`' 'a' to 'à'
compose '\'' 'A' to 'Á'
compose '\'' 'a' to 'á'
compose '^' 'A' to 'Â'
compose '^' 'a' to 'â'
compose '~' 'A' to 'Ã'
compose '~' 'a' to 'ã'
compose '"' 'A' to 'Ä'
compose '"' 'a' to 'ä'
compose 'O' 'A' to 'Å'
compose 'o' 'a' to 'å'
compose '0' 'A' to 'Å'
compose '0' 'a' to 'å'
compose 'A' 'A' to 'Å'
compose 'a' 'a' to 'å'
compose 'A' 'E' to 'Æ'
compose 'a' 'e' to 'æ'
compose ',' 'C' to 'Ç'
compose ',' 'c' to 'ç'
compose '`' 'E' to 'È'
compose '`' 'e' to 'è'
compose '\'' 'E' to 'É'
compose '\'' 'e' to 'é'
compose '^' 'E' to 'Ê'
compose '^' 'e' to 'ê'
compose '"' 'E' to 'Ë'
compose '"' 'e' to 'ë'
compose '`' 'I' to 'Ì'
compose '`' 'i' to 'ì'
compose '\'' 'I' to 'Í'
compose '\'' 'i' to 'í'
compose '^' 'I' to 'Î'
compose '^' 'i' to 'î'
compose '"' 'I' to 'Ï'
compose '"' 'i' to 'ï'
compose '-' 'D' to 'Ð'
compose '-' 'd' to 'ð'
compose '~' 'N' to 'Ñ'
compose '~' 'n' to 'ñ'
compose '`' 'O' to 'Ò'
compose '`' 'o' to 'ò'
compose '\'' 'O' to 'Ó'
compose '\'' 'o' to 'ó'
compose '^' 'O' to 'Ô'
compose '^' 'o' to 'ô'
compose '~' 'O' to 'Õ'
compose '~' 'o' to 'õ'
compose '"' 'O' to 'Ö'
compose '"' 'o' to 'ö'
compose '/' 'O' to 'Ø'
compose '/' 'o' to 'ø'
compose '`' 'U' to 'Ù'
compose '`' 'u' to 'ù'
compose '\'' 'U' to 'Ú'
compose '\'' 'u' to 'ú'
compose '^' 'U' to 'Û'
compose '^' 'u' to 'û'
compose '"' 'U' to 'Ü'
compose '"' 'u' to 'ü'
compose '\'' 'Y' to 'Ý'
compose '\'' 'y' to 'ý'
compose 'T' 'H' to 'Þ'
compose 't' 'h' to 'þ'
compose 's' 's' to 'ß'
compose '"' 'y' to 'ÿ'
compose 's' 'z' to 'ß'
compose 'i' 'j' to 'ÿ'
