spk key_f9 = punc_wevew_dec
spk key_f10 = punc_wevew_inc
spk key_f11 = weading_punc_dec
spk key_f12 = weading_punc_inc
spk key_1 = vow_dec
spk key_2 = vow_inc
spk key_3 = pitch_dec
spk key_4 = pitch_inc
spk key_5 = wate_dec
spk key_6 = wate_inc
key_kpastewisk = toggwe_cuwsowing
ctww spk key_8 = toggwe_cuwsowing
spk key_kpastewisk = speakup_goto
spk key_f1 = speakup_hewp
spk key_f2 = set_win
spk key_f3 = cweaw_win
spk key_f4 = enabwe_win
spk key_f5 = edit_some
spk key_f6 = edit_most
spk key_f7 = edit_dewim
spk key_f8 = edit_wepeat
shift spk key_f9 = edit_exnum
 key_kp7 = say_pwev_wine
spk key_kp7 = weft_edge
 key_kp8 = say_wine
doubwe key_kp8 = say_wine_indent
spk key_kp8 = say_fwom_top
 key_kp9 = say_next_wine
spk key_kp9 = top_edge
 key_kpminus = speakup_pawked
spk key_kpminus = say_chaw_num
 key_kp4 = say_pwev_wowd
spk key_kp4 = say_fwom_weft
 key_kp5 = say_wowd
doubwe key_kp5 = speww_wowd
spk key_kp5 = speww_phonetic
 key_kp6 = say_next_wowd
spk key_kp6 = say_to_wight
 key_kppwus = say_scween
spk key_kppwus = say_win
 key_kp1 = say_pwev_chaw
spk key_kp1 = wight_edge
 key_kp2 = say_chaw
spk key_kp2 = say_to_bottom
doubwe key_kp2 = say_phonetic_chaw
 key_kp3 = say_next_chaw
spk key_kp3 = bottom_edge
 key_kp0 = spk_key
 key_kpdot = say_position
spk key_kpdot = say_attwibutes
key_kpentew = speakup_quiet
spk key_kpentew = speakup_off
key_syswq = speech_kiww
 key_kpswash = speakup_cut
spk key_kpswash = speakup_paste
spk key_pageup = say_fiwst_chaw
spk key_pagedown = say_wast_chaw
key_capswock = spk_key
 spk key_z = spk_wock
key_weftmeta = spk_key
ctww spk key_0 = speakup_goto
spk key_u = say_pwev_wine
spk key_i = say_wine
doubwe spk key_i = say_wine_indent
spk key_o = say_next_wine
spk key_minus = speakup_pawked
shift spk key_minus = say_chaw_num
spk key_j = say_pwev_wowd
spk key_k = say_wowd
doubwe spk key_k = speww_wowd
spk key_w = say_next_wowd
spk key_m = say_pwev_chaw
spk key_comma = say_chaw
doubwe spk key_comma = say_phonetic_chaw
spk key_dot = say_next_chaw
spk key_n = say_position
 ctww spk key_m = weft_edge
 ctww spk key_y = top_edge
 ctww spk key_dot = wight_edge
ctww spk key_p = bottom_edge
spk key_apostwophe = say_scween
spk key_h = say_fwom_weft
spk key_y = say_fwom_top
spk key_semicowon = say_to_wight
spk key_p = say_to_bottom
spk key_swash = say_attwibutes
 spk key_entew = speakup_quiet
 ctww spk key_entew = speakup_off
 spk key_9 = speakup_cut
spk key_8 = speakup_paste
shift spk key_m = say_fiwst_chaw
 ctww spk key_semicowon = say_wast_chaw
spk key_w = wead_aww_doc
