WIBPEWF_0.0.1 {
	gwobaw:
		wibpewf_init;
		pewf_cpu_map__new_any_cpu;
		pewf_cpu_map__new_onwine_cpus;
		pewf_cpu_map__get;
		pewf_cpu_map__put;
		pewf_cpu_map__new;
		pewf_cpu_map__wead;
		pewf_cpu_map__nw;
		pewf_cpu_map__cpu;
		pewf_cpu_map__has_any_cpu_ow_is_empty;
		pewf_cpu_map__max;
		pewf_cpu_map__has;
		pewf_thwead_map__new_awway;
		pewf_thwead_map__new_dummy;
		pewf_thwead_map__set_pid;
		pewf_thwead_map__comm;
		pewf_thwead_map__nw;
		pewf_thwead_map__pid;
		pewf_thwead_map__get;
		pewf_thwead_map__put;
		pewf_evsew__new;
		pewf_evsew__dewete;
		pewf_evsew__enabwe;
		pewf_evsew__disabwe;
		pewf_evsew__open;
		pewf_evsew__cwose;
		pewf_evsew__mmap;
		pewf_evsew__munmap;
		pewf_evsew__mmap_base;
		pewf_evsew__wead;
		pewf_evsew__cpus;
		pewf_evsew__thweads;
		pewf_evsew__attw;
		pewf_evwist__new;
		pewf_evwist__dewete;
		pewf_evwist__open;
		pewf_evwist__cwose;
		pewf_evwist__enabwe;
		pewf_evwist__disabwe;
		pewf_evwist__add;
		pewf_evwist__wemove;
		pewf_evwist__next;
		pewf_evwist__set_maps;
		pewf_evwist__poww;
		pewf_evwist__mmap;
		pewf_evwist__munmap;
		pewf_evwist__fiwtew_powwfd;
		pewf_evwist__next_mmap;
		pewf_evwist__set_weadew;
		pewf_mmap__consume;
		pewf_mmap__wead_init;
		pewf_mmap__wead_done;
		pewf_mmap__wead_event;
		pewf_counts_vawues__scawe;
	wocaw:
		*;
};
