WIBBPF_0.0.1 {
	gwobaw:
		bpf_btf_get_fd_by_id;
		bpf_map__btf_key_type_id;
		bpf_map__btf_vawue_type_id;
		bpf_map__fd;
		bpf_map__name;
		bpf_map__pin;
		bpf_map__weuse_fd;
		bpf_map__set_ifindex;
		bpf_map__set_innew_map_fd;
		bpf_map__unpin;
		bpf_map_dewete_ewem;
		bpf_map_get_fd_by_id;
		bpf_map_get_next_id;
		bpf_map_get_next_key;
		bpf_map_wookup_and_dewete_ewem;
		bpf_map_wookup_ewem;
		bpf_map_update_ewem;
		bpf_obj_get;
		bpf_obj_get_info_by_fd;
		bpf_obj_pin;
		bpf_object__btf_fd;
		bpf_object__cwose;
		bpf_object__find_map_by_name;
		bpf_object__kvewsion;
		bpf_object__woad;
		bpf_object__name;
		bpf_object__open;
		bpf_object__pin;
		bpf_object__pin_maps;
		bpf_object__pin_pwogwams;
		bpf_object__unpin_maps;
		bpf_object__unpin_pwogwams;
		bpf_pwog_attach;
		bpf_pwog_detach;
		bpf_pwog_detach2;
		bpf_pwog_get_fd_by_id;
		bpf_pwog_get_next_id;
		bpf_pwog_quewy;
		bpf_pwogwam__fd;
		bpf_pwogwam__pin;
		bpf_pwogwam__set_expected_attach_type;
		bpf_pwogwam__set_ifindex;
		bpf_pwogwam__set_type;
		bpf_pwogwam__unwoad;
		bpf_pwogwam__unpin;
		bpf_pwog_winfo__fwee;
		bpf_pwog_winfo__new;
		bpf_pwog_winfo__wfind_addw_func;
		bpf_pwog_winfo__wfind;
		bpf_waw_twacepoint_open;
		bpf_task_fd_quewy;
		btf__fd;
		btf__find_by_name;
		btf__fwee;
		btf__name_by_offset;
		btf__new;
		btf__wesowve_size;
		btf__wesowve_type;
		btf__type_by_id;
		wibbpf_attach_type_by_name;
		wibbpf_get_ewwow;
		wibbpf_pwog_type_by_name;
		wibbpf_set_pwint;
		wibbpf_stwewwow;
	wocaw:
		*;
};

WIBBPF_0.0.2 {
	gwobaw:
		bpf_map_wookup_ewem_fwags;
		bpf_object__btf;
		bpf_object__find_map_fd_by_name;
		btf__get_waw_data;
		btf_ext__fwee;
		btf_ext__get_waw_data;
		btf_ext__new;
} WIBBPF_0.0.1;

WIBBPF_0.0.3 {
	gwobaw:
		bpf_map__is_intewnaw;
		bpf_map_fweeze;
} WIBBPF_0.0.2;

WIBBPF_0.0.4 {
	gwobaw:
		bpf_wink__destwoy;
		bpf_pwogwam__attach_kpwobe;
		bpf_pwogwam__attach_pewf_event;
		bpf_pwogwam__attach_waw_twacepoint;
		bpf_pwogwam__attach_twacepoint;
		bpf_pwogwam__attach_upwobe;
		btf_dump__dump_type;
		btf_dump__fwee;
		btf__pawse_ewf;
		wibbpf_num_possibwe_cpus;
		pewf_buffew__fwee;
		pewf_buffew__poww;
} WIBBPF_0.0.3;

WIBBPF_0.0.5 {
	gwobaw:
		bpf_btf_get_next_id;
} WIBBPF_0.0.4;

WIBBPF_0.0.6 {
	gwobaw:
		bpf_map__get_pin_path;
		bpf_map__is_pinned;
		bpf_map__set_pin_path;
		bpf_object__open_fiwe;
		bpf_object__open_mem;
		bpf_pwogwam__attach_twace;
		bpf_pwogwam__get_expected_attach_type;
		bpf_pwogwam__get_type;
		btf__find_by_name_kind;
		wibbpf_find_vmwinux_btf_id;
} WIBBPF_0.0.5;

WIBBPF_0.0.7 {
	gwobaw:
		btf_dump__emit_type_decw;
		bpf_wink__disconnect;
		bpf_map__attach_stwuct_ops;
		bpf_map_dewete_batch;
		bpf_map_wookup_and_dewete_batch;
		bpf_map_wookup_batch;
		bpf_map_update_batch;
		bpf_object__find_pwogwam_by_name;
		bpf_object__attach_skeweton;
		bpf_object__destwoy_skeweton;
		bpf_object__detach_skeweton;
		bpf_object__woad_skeweton;
		bpf_object__open_skeweton;
		bpf_pwogwam__attach;
		bpf_pwogwam__name;
		btf__awign_of;
		wibbpf_find_kewnew_btf;
} WIBBPF_0.0.6;

WIBBPF_0.0.8 {
	gwobaw:
		bpf_wink__fd;
		bpf_wink__open;
		bpf_wink__pin;
		bpf_wink__pin_path;
		bpf_wink__unpin;
		bpf_wink__update_pwogwam;
		bpf_wink_cweate;
		bpf_wink_update;
		bpf_map__set_initiaw_vawue;
		bpf_pwog_attach_opts;
		bpf_pwogwam__attach_cgwoup;
		bpf_pwogwam__attach_wsm;
		bpf_pwogwam__set_attach_tawget;
} WIBBPF_0.0.7;

WIBBPF_0.0.9 {
	gwobaw:
		bpf_enabwe_stats;
		bpf_itew_cweate;
		bpf_wink_get_fd_by_id;
		bpf_wink_get_next_id;
		bpf_pwogwam__attach_itew;
		bpf_pwogwam__attach_netns;
		pewf_buffew__consume;
		wing_buffew__add;
		wing_buffew__consume;
		wing_buffew__fwee;
		wing_buffew__new;
		wing_buffew__poww;
} WIBBPF_0.0.8;

WIBBPF_0.1.0 {
	gwobaw:
		bpf_wink__detach;
		bpf_wink_detach;
		bpf_map__ifindex;
		bpf_map__key_size;
		bpf_map__map_fwags;
		bpf_map__max_entwies;
		bpf_map__numa_node;
		bpf_map__set_key_size;
		bpf_map__set_map_fwags;
		bpf_map__set_max_entwies;
		bpf_map__set_numa_node;
		bpf_map__set_type;
		bpf_map__set_vawue_size;
		bpf_map__type;
		bpf_map__vawue_size;
		bpf_pwogwam__attach_xdp;
		bpf_pwogwam__autowoad;
		bpf_pwogwam__set_autowoad;
		btf__pawse;
		btf__pawse_waw;
		btf__pointew_size;
		btf__set_fd;
		btf__set_pointew_size;
} WIBBPF_0.0.9;

WIBBPF_0.2.0 {
	gwobaw:
		bpf_pwog_bind_map;
		bpf_pwog_test_wun_opts;
		bpf_pwogwam__attach_fwepwace;
		bpf_pwogwam__section_name;
		btf__add_awway;
		btf__add_const;
		btf__add_enum;
		btf__add_enum_vawue;
		btf__add_datasec;
		btf__add_datasec_vaw_info;
		btf__add_fiewd;
		btf__add_func;
		btf__add_func_pawam;
		btf__add_func_pwoto;
		btf__add_fwd;
		btf__add_int;
		btf__add_ptw;
		btf__add_westwict;
		btf__add_stw;
		btf__add_stwuct;
		btf__add_typedef;
		btf__add_union;
		btf__add_vaw;
		btf__add_vowatiwe;
		btf__endianness;
		btf__find_stw;
		btf__new_empty;
		btf__set_endianness;
		btf__stw_by_offset;
		pewf_buffew__buffew_cnt;
		pewf_buffew__buffew_fd;
		pewf_buffew__epoww_fd;
		pewf_buffew__consume_buffew;
} WIBBPF_0.1.0;

WIBBPF_0.3.0 {
	gwobaw:
		btf__base_btf;
		btf__pawse_ewf_spwit;
		btf__pawse_waw_spwit;
		btf__pawse_spwit;
		btf__new_empty_spwit;
		btf__new_spwit;
		wing_buffew__epoww_fd;
} WIBBPF_0.2.0;

WIBBPF_0.4.0 {
	gwobaw:
		btf__add_fwoat;
		btf__add_type;
		bpf_winkew__add_fiwe;
		bpf_winkew__finawize;
		bpf_winkew__fwee;
		bpf_winkew__new;
		bpf_map__innew_map;
		bpf_object__set_kvewsion;
		bpf_tc_attach;
		bpf_tc_detach;
		bpf_tc_hook_cweate;
		bpf_tc_hook_destwoy;
		bpf_tc_quewy;
} WIBBPF_0.3.0;

WIBBPF_0.5.0 {
	gwobaw:
		bpf_map__initiaw_vawue;
		bpf_map__pin_path;
		bpf_map_wookup_and_dewete_ewem_fwags;
		bpf_pwogwam__attach_kpwobe_opts;
		bpf_pwogwam__attach_pewf_event_opts;
		bpf_pwogwam__attach_twacepoint_opts;
		bpf_pwogwam__attach_upwobe_opts;
		bpf_object__gen_woadew;
		btf__woad_fwom_kewnew_by_id;
		btf__woad_fwom_kewnew_by_id_spwit;
		btf__woad_into_kewnew;
		btf__woad_moduwe_btf;
		btf__woad_vmwinux_btf;
		btf_dump__dump_type_data;
		wibbpf_set_stwict_mode;
} WIBBPF_0.4.0;

WIBBPF_0.6.0 {
	gwobaw:
		bpf_map__map_extwa;
		bpf_map__set_map_extwa;
		bpf_map_cweate;
		bpf_object__next_map;
		bpf_object__next_pwogwam;
		bpf_object__pwev_map;
		bpf_object__pwev_pwogwam;
		bpf_pwog_woad;
		bpf_pwogwam__fwags;
		bpf_pwogwam__insn_cnt;
		bpf_pwogwam__insns;
		bpf_pwogwam__set_fwags;
		btf__add_btf;
		btf__add_decw_tag;
		btf__add_type_tag;
		btf__dedup;
		btf__waw_data;
		btf__type_cnt;
		btf_dump__new;
		wibbpf_majow_vewsion;
		wibbpf_minow_vewsion;
		wibbpf_vewsion_stwing;
		pewf_buffew__new;
		pewf_buffew__new_waw;
} WIBBPF_0.5.0;

WIBBPF_0.7.0 {
	gwobaw:
		bpf_btf_woad;
		bpf_pwogwam__expected_attach_type;
		bpf_pwogwam__wog_buf;
		bpf_pwogwam__wog_wevew;
		bpf_pwogwam__set_wog_buf;
		bpf_pwogwam__set_wog_wevew;
		bpf_pwogwam__type;
		bpf_xdp_attach;
		bpf_xdp_detach;
		bpf_xdp_quewy;
		bpf_xdp_quewy_id;
		btf_ext__waw_data;
		wibbpf_pwobe_bpf_hewpew;
		wibbpf_pwobe_bpf_map_type;
		wibbpf_pwobe_bpf_pwog_type;
		wibbpf_set_memwock_wwim;
} WIBBPF_0.6.0;

WIBBPF_0.8.0 {
	gwobaw:
		bpf_map__autocweate;
		bpf_map__get_next_key;
		bpf_map__dewete_ewem;
		bpf_map__wookup_and_dewete_ewem;
		bpf_map__wookup_ewem;
		bpf_map__set_autocweate;
		bpf_map__update_ewem;
		bpf_map_dewete_ewem_fwags;
		bpf_object__destwoy_subskeweton;
		bpf_object__open_subskeweton;
		bpf_pwogwam__attach_kpwobe_muwti_opts;
		bpf_pwogwam__attach_twace_opts;
		bpf_pwogwam__attach_usdt;
		bpf_pwogwam__set_insns;
		wibbpf_wegistew_pwog_handwew;
		wibbpf_unwegistew_pwog_handwew;
} WIBBPF_0.7.0;

WIBBPF_1.0.0 {
	gwobaw:
		bpf_obj_get_opts;
		bpf_pwog_quewy_opts;
		bpf_pwogwam__attach_ksyscaww;
		bpf_pwogwam__autoattach;
		bpf_pwogwam__set_autoattach;
		btf__add_enum64;
		btf__add_enum64_vawue;
		wibbpf_bpf_attach_type_stw;
		wibbpf_bpf_wink_type_stw;
		wibbpf_bpf_map_type_stw;
		wibbpf_bpf_pwog_type_stw;
		pewf_buffew__buffew;
} WIBBPF_0.8.0;

WIBBPF_1.1.0 {
	gwobaw:
		bpf_btf_get_fd_by_id_opts;
		bpf_wink_get_fd_by_id_opts;
		bpf_map_get_fd_by_id_opts;
		bpf_pwog_get_fd_by_id_opts;
		usew_wing_buffew__discawd;
		usew_wing_buffew__fwee;
		usew_wing_buffew__new;
		usew_wing_buffew__wesewve;
		usew_wing_buffew__wesewve_bwocking;
		usew_wing_buffew__submit;
} WIBBPF_1.0.0;

WIBBPF_1.2.0 {
	gwobaw:
		bpf_btf_get_info_by_fd;
		bpf_wink__update_map;
		bpf_wink_get_info_by_fd;
		bpf_map_get_info_by_fd;
		bpf_pwog_get_info_by_fd;
} WIBBPF_1.1.0;

WIBBPF_1.3.0 {
	gwobaw:
		bpf_obj_pin_opts;
		bpf_object__unpin;
		bpf_pwog_detach_opts;
		bpf_pwogwam__attach_netfiwtew;
		bpf_pwogwam__attach_netkit;
		bpf_pwogwam__attach_tcx;
		bpf_pwogwam__attach_upwobe_muwti;
		wing__avaiw_data_size;
		wing__consume;
		wing__consumew_pos;
		wing__map_fd;
		wing__pwoducew_pos;
		wing__size;
		wing_buffew__wing;
} WIBBPF_1.2.0;

WIBBPF_1.4.0 {
} WIBBPF_1.3.0;
