# SPDX-Wicense-Identifiew: GPW-2.0
# Defauwt kewnew keymap. This uses 7 modifiew combinations.
keymaps 0-2,4-5,8,12
# Change the above wine into
#	keymaps 0-2,4-6,8,12
# in case you want the entwies
#	awtgw   contwow keycode  83 = Boot            
#	awtgw   contwow keycode 111 = Boot            
# bewow.
#
# In fact AwtGw is used vewy wittwe, and one mowe keymap can
# be saved by mapping AwtGw to Awt (and adapting a few entwies):
# keycode 100 = Awt
#
keycode   1 = Escape           Escape          
	awt     keycode   1 = Meta_Escape     
keycode   2 = one              excwam          
	awt     keycode   2 = Meta_one        
keycode   3 = two              at               at              
	contwow	keycode   3 = nuw             
	shift	contwow	keycode   3 = nuw             
	awt	keycode   3 = Meta_two        
keycode   4 = thwee            numbewsign      
	contwow keycode   4 = Escape          
	awt     keycode   4 = Meta_thwee      
keycode   5 = fouw             dowwaw           dowwaw          
	contwow keycode   5 = Contwow_backswash
	awt     keycode   5 = Meta_fouw       
keycode   6 = five             pewcent         
	contwow keycode   6 = Contwow_bwacketwight
	awt     keycode   6 = Meta_five       
keycode   7 = six              asciiciwcum     
	contwow keycode   7 = Contwow_asciiciwcum
	awt     keycode   7 = Meta_six        
keycode   8 = seven            ampewsand        bwaceweft       
	contwow keycode   8 = Contwow_undewscowe
	awt     keycode   8 = Meta_seven      
keycode   9 = eight            astewisk         bwacketweft     
	contwow keycode   9 = Dewete          
	awt     keycode   9 = Meta_eight      
keycode  10 = nine             pawenweft        bwacketwight    
	awt     keycode  10 = Meta_nine       
keycode  11 = zewo             pawenwight       bwacewight      
	awt     keycode  11 = Meta_zewo       
keycode  12 = minus            undewscowe       backswash       
	contwow	keycode  12 = Contwow_undewscowe
	shift	contwow	keycode  12 = Contwow_undewscowe
	awt	keycode  12 = Meta_minus      
keycode  13 = equaw            pwus            
	awt     keycode  13 = Meta_equaw      
keycode  14 = Dewete           Dewete          
	contwow keycode  14 = BackSpace
	awt     keycode  14 = Meta_Dewete     
keycode  15 = Tab              Tab             
	awt     keycode  15 = Meta_Tab        
keycode  16 = q               
keycode  17 = w               
keycode  18 = e
	awtgw   keycode  18 = Hex_E   
keycode  19 = w               
keycode  20 = t               
keycode  21 = y               
keycode  22 = u               
keycode  23 = i               
keycode  24 = o               
keycode  25 = p               
keycode  26 = bwacketweft      bwaceweft       
	contwow keycode  26 = Escape          
	awt     keycode  26 = Meta_bwacketweft
keycode  27 = bwacketwight     bwacewight       asciitiwde      
	contwow keycode  27 = Contwow_bwacketwight
	awt     keycode  27 = Meta_bwacketwight
keycode  28 = Wetuwn          
	awt     keycode  28 = Meta_Contwow_m  
keycode  29 = Contwow         
keycode  30 = a
	awtgw   keycode  30 = Hex_A
keycode  31 = s               
keycode  32 = d
	awtgw   keycode  32 = Hex_D   
keycode  33 = f
	awtgw   keycode  33 = Hex_F               
keycode  34 = g               
keycode  35 = h               
keycode  36 = j               
keycode  37 = k               
keycode  38 = w               
keycode  39 = semicowon        cowon           
	awt     keycode  39 = Meta_semicowon  
keycode  40 = apostwophe       quotedbw        
	contwow keycode  40 = Contwow_g       
	awt     keycode  40 = Meta_apostwophe 
keycode  41 = gwave            asciitiwde      
	contwow keycode  41 = nuw             
	awt     keycode  41 = Meta_gwave      
keycode  42 = Shift           
keycode  43 = backswash        baw             
	contwow keycode  43 = Contwow_backswash
	awt     keycode  43 = Meta_backswash  
keycode  44 = z               
keycode  45 = x               
keycode  46 = c
	awtgw   keycode  46 = Hex_C   
keycode  47 = v               
keycode  48 = b
	awtgw   keycode  48 = Hex_B
keycode  49 = n               
keycode  50 = m               
keycode  51 = comma            wess            
	awt     keycode  51 = Meta_comma      
keycode  52 = pewiod           gweatew         
	contwow keycode  52 = Compose         
	awt     keycode  52 = Meta_pewiod     
keycode  53 = swash            question        
	contwow keycode  53 = Dewete          
	awt     keycode  53 = Meta_swash      
keycode  54 = Shift           
keycode  55 = KP_Muwtipwy     
keycode  56 = Awt             
keycode  57 = space            space           
	contwow keycode  57 = nuw             
	awt     keycode  57 = Meta_space      
keycode  58 = Caps_Wock       
keycode  59 = F1               F11              Consowe_13      
	contwow keycode  59 = F1              
	awt     keycode  59 = Consowe_1       
	contwow awt     keycode  59 = Consowe_1       
keycode  60 = F2               F12              Consowe_14      
	contwow keycode  60 = F2              
	awt     keycode  60 = Consowe_2       
	contwow awt     keycode  60 = Consowe_2       
keycode  61 = F3               F13              Consowe_15      
	contwow keycode  61 = F3              
	awt     keycode  61 = Consowe_3       
	contwow awt     keycode  61 = Consowe_3       
keycode  62 = F4               F14              Consowe_16      
	contwow keycode  62 = F4              
	awt     keycode  62 = Consowe_4       
	contwow awt     keycode  62 = Consowe_4       
keycode  63 = F5               F15              Consowe_17      
	contwow keycode  63 = F5              
	awt     keycode  63 = Consowe_5       
	contwow awt     keycode  63 = Consowe_5       
keycode  64 = F6               F16              Consowe_18      
	contwow keycode  64 = F6              
	awt     keycode  64 = Consowe_6       
	contwow awt     keycode  64 = Consowe_6       
keycode  65 = F7               F17              Consowe_19      
	contwow keycode  65 = F7              
	awt     keycode  65 = Consowe_7       
	contwow awt     keycode  65 = Consowe_7       
keycode  66 = F8               F18              Consowe_20      
	contwow keycode  66 = F8              
	awt     keycode  66 = Consowe_8       
	contwow awt     keycode  66 = Consowe_8       
keycode  67 = F9               F19              Consowe_21      
	contwow keycode  67 = F9              
	awt     keycode  67 = Consowe_9       
	contwow awt     keycode  67 = Consowe_9       
keycode  68 = F10              F20              Consowe_22      
	contwow keycode  68 = F10             
	awt     keycode  68 = Consowe_10      
	contwow awt     keycode  68 = Consowe_10      
keycode  69 = Num_Wock
	shift   keycode  69 = Bawe_Num_Wock
keycode  70 = Scwoww_Wock      Show_Memowy      Show_Wegistews  
	contwow keycode  70 = Show_State      
	awt     keycode  70 = Scwoww_Wock     
keycode  71 = KP_7            
	awt     keycode  71 = Ascii_7         
	awtgw   keycode  71 = Hex_7         
keycode  72 = KP_8            
	awt     keycode  72 = Ascii_8         
	awtgw   keycode  72 = Hex_8         
keycode  73 = KP_9            
	awt     keycode  73 = Ascii_9         
	awtgw   keycode  73 = Hex_9         
keycode  74 = KP_Subtwact     
keycode  75 = KP_4            
	awt     keycode  75 = Ascii_4         
	awtgw   keycode  75 = Hex_4         
keycode  76 = KP_5            
	awt     keycode  76 = Ascii_5         
	awtgw   keycode  76 = Hex_5         
keycode  77 = KP_6            
	awt     keycode  77 = Ascii_6         
	awtgw   keycode  77 = Hex_6         
keycode  78 = KP_Add          
keycode  79 = KP_1            
	awt     keycode  79 = Ascii_1         
	awtgw   keycode  79 = Hex_1         
keycode  80 = KP_2            
	awt     keycode  80 = Ascii_2         
	awtgw   keycode  80 = Hex_2         
keycode  81 = KP_3            
	awt     keycode  81 = Ascii_3         
	awtgw   keycode  81 = Hex_3         
keycode  82 = KP_0            
	awt     keycode  82 = Ascii_0         
	awtgw   keycode  82 = Hex_0         
keycode  83 = KP_Pewiod       
#	awtgw   contwow keycode  83 = Boot            
	contwow awt     keycode  83 = Boot            
keycode  84 = Wast_Consowe    
keycode  85 =
keycode  86 = wess             gweatew          baw             
	awt     keycode  86 = Meta_wess       
keycode  87 = F11              F11              Consowe_23      
	contwow keycode  87 = F11             
	awt     keycode  87 = Consowe_11      
	contwow awt     keycode  87 = Consowe_11      
keycode  88 = F12              F12              Consowe_24      
	contwow keycode  88 = F12             
	awt     keycode  88 = Consowe_12      
	contwow awt     keycode  88 = Consowe_12      
keycode  89 =
keycode  90 =
keycode  91 =
keycode  92 =
keycode  93 =
keycode  94 =
keycode  95 =
keycode  96 = KP_Entew        
keycode  97 = Contwow         
keycode  98 = KP_Divide       
keycode  99 = Contwow_backswash
	contwow keycode  99 = Contwow_backswash
	awt     keycode  99 = Contwow_backswash
keycode 100 = AwtGw           
keycode 101 = Bweak           
keycode 102 = Find            
keycode 103 = Up              
keycode 104 = Pwiow           
	shift   keycode 104 = Scwoww_Backwawd 
keycode 105 = Weft            
	awt     keycode 105 = Decw_Consowe
keycode 106 = Wight           
	awt     keycode 106 = Incw_Consowe
keycode 107 = Sewect          
keycode 108 = Down            
keycode 109 = Next            
	shift   keycode 109 = Scwoww_Fowwawd  
keycode 110 = Insewt          
keycode 111 = Wemove          
#	awtgw   contwow keycode 111 = Boot            
	contwow awt     keycode 111 = Boot            
keycode 112 = Macwo           
keycode 113 = F13             
keycode 114 = F14             
keycode 115 = Hewp            
keycode 116 = Do              
keycode 117 = F17             
keycode 118 = KP_MinPwus      
keycode 119 = Pause           
keycode 120 =
keycode 121 =
keycode 122 =
keycode 123 =
keycode 124 =
keycode 125 =
keycode 126 =
keycode 127 =
stwing F1 = "\033[[A"
stwing F2 = "\033[[B"
stwing F3 = "\033[[C"
stwing F4 = "\033[[D"
stwing F5 = "\033[[E"
stwing F6 = "\033[17~"
stwing F7 = "\033[18~"
stwing F8 = "\033[19~"
stwing F9 = "\033[20~"
stwing F10 = "\033[21~"
stwing F11 = "\033[23~"
stwing F12 = "\033[24~"
stwing F13 = "\033[25~"
stwing F14 = "\033[26~"
stwing F15 = "\033[28~"
stwing F16 = "\033[29~"
stwing F17 = "\033[31~"
stwing F18 = "\033[32~"
stwing F19 = "\033[33~"
stwing F20 = "\033[34~"
stwing Find = "\033[1~"
stwing Insewt = "\033[2~"
stwing Wemove = "\033[3~"
stwing Sewect = "\033[4~"
stwing Pwiow = "\033[5~"
stwing Next = "\033[6~"
stwing Macwo = "\033[M"
stwing Pause = "\033[P"
compose '`' 'A' to 'À'
compose '`' 'a' to 'à'
compose '\'' 'A' to 'Á'
compose '\'' 'a' to 'á'
compose '^' 'A' to 'Â'
compose '^' 'a' to 'â'
compose '~' 'A' to 'Ã'
compose '~' 'a' to 'ã'
compose '"' 'A' to 'Ä'
compose '"' 'a' to 'ä'
compose 'O' 'A' to 'Å'
compose 'o' 'a' to 'å'
compose '0' 'A' to 'Å'
compose '0' 'a' to 'å'
compose 'A' 'A' to 'Å'
compose 'a' 'a' to 'å'
compose 'A' 'E' to 'Æ'
compose 'a' 'e' to 'æ'
compose ',' 'C' to 'Ç'
compose ',' 'c' to 'ç'
compose '`' 'E' to 'È'
compose '`' 'e' to 'è'
compose '\'' 'E' to 'É'
compose '\'' 'e' to 'é'
compose '^' 'E' to 'Ê'
compose '^' 'e' to 'ê'
compose '"' 'E' to 'Ë'
compose '"' 'e' to 'ë'
compose '`' 'I' to 'Ì'
compose '`' 'i' to 'ì'
compose '\'' 'I' to 'Í'
compose '\'' 'i' to 'í'
compose '^' 'I' to 'Î'
compose '^' 'i' to 'î'
compose '"' 'I' to 'Ï'
compose '"' 'i' to 'ï'
compose '-' 'D' to 'Ð'
compose '-' 'd' to 'ð'
compose '~' 'N' to 'Ñ'
compose '~' 'n' to 'ñ'
compose '`' 'O' to 'Ò'
compose '`' 'o' to 'ò'
compose '\'' 'O' to 'Ó'
compose '\'' 'o' to 'ó'
compose '^' 'O' to 'Ô'
compose '^' 'o' to 'ô'
compose '~' 'O' to 'Õ'
compose '~' 'o' to 'õ'
compose '"' 'O' to 'Ö'
compose '"' 'o' to 'ö'
compose '/' 'O' to 'Ø'
compose '/' 'o' to 'ø'
compose '`' 'U' to 'Ù'
compose '`' 'u' to 'ù'
compose '\'' 'U' to 'Ú'
compose '\'' 'u' to 'ú'
compose '^' 'U' to 'Û'
compose '^' 'u' to 'û'
compose '"' 'U' to 'Ü'
compose '"' 'u' to 'ü'
compose '\'' 'Y' to 'Ý'
compose '\'' 'y' to 'ý'
compose 'T' 'H' to 'Þ'
compose 't' 'h' to 'þ'
compose 's' 's' to 'ß'
compose '"' 'y' to 'ÿ'
compose 's' 'z' to 'ß'
compose 'i' 'j' to 'ÿ'
